  Determining projects to restore...
  All projects are up-to-date for restore.
C:\Users\David\PocketSquire-Arena\tests\unit\ArenaPerkPlayerTests.cs(38,17): error CS0246: The type or namespace name 'ArenaPerk' could not be found (are you missing a using directive or an assembly reference?) [C:\Users\David\PocketSquire-Arena\tests\unit\PocketSquire.Arena.Tests.csproj]
C:\Users\David\PocketSquire-Arena\Assets\_Game\Scripts\Core\GameWorld.cs(19,28): error CS0104: 'Perk' is an ambiguous reference between 'PocketSquire.Arena.Core.LevelUp.Perk' and 'PocketSquire.Arena.Core.Perks.Perk' [C:\Users\David\PocketSquire-Arena\tests\unit\PocketSquire.Arena.Tests.csproj]
C:\Users\David\PocketSquire-Arena\Assets\_Game\Scripts\Core\PowerUps\AttributeModifierComponent.cs(22,23): warning CS0108: 'AttributeModifierComponent.Rarity' hides inherited member 'PowerUpComponent.Rarity'. Use the new keyword if hiding was intended. [C:\Users\David\PocketSquire-Arena\tests\unit\PocketSquire.Arena.Tests.csproj]
C:\Users\David\PocketSquire-Arena\Assets\_Game\Scripts\Core\GameWorld.cs(182,23): error CS0104: 'Perk' is an ambiguous reference between 'PocketSquire.Arena.Core.LevelUp.Perk' and 'PocketSquire.Arena.Core.Perks.Perk' [C:\Users\David\PocketSquire-Arena\tests\unit\PocketSquire.Arena.Tests.csproj]
C:\Users\David\PocketSquire-Arena\Assets\_Game\Scripts\Core\PowerUps\LootModifierComponent.cs(25,23): warning CS0108: 'LootModifierComponent.Rarity' hides inherited member 'PowerUpComponent.Rarity'. Use the new keyword if hiding was intended. [C:\Users\David\PocketSquire-Arena\tests\unit\PocketSquire.Arena.Tests.csproj]
C:\Users\David\PocketSquire-Arena\Assets\_Game\Scripts\Core\GameWorld.cs(185,28): error CS0104: 'Perk' is an ambiguous reference between 'PocketSquire.Arena.Core.LevelUp.Perk' and 'PocketSquire.Arena.Core.Perks.Perk' [C:\Users\David\PocketSquire-Arena\tests\unit\PocketSquire.Arena.Tests.csproj]
C:\Users\David\PocketSquire-Arena\Assets\_Game\Scripts\Core\PowerUps\MonsterDebuffComponent.cs(24,23): warning CS0108: 'MonsterDebuffComponent.Rarity' hides inherited member 'PowerUpComponent.Rarity'. Use the new keyword if hiding was intended. [C:\Users\David\PocketSquire-Arena\tests\unit\PocketSquire.Arena.Tests.csproj]

Build FAILED.

C:\Users\David\PocketSquire-Arena\Assets\_Game\Scripts\Core\PowerUps\AttributeModifierComponent.cs(22,23): warning CS0108: 'AttributeModifierComponent.Rarity' hides inherited member 'PowerUpComponent.Rarity'. Use the new keyword if hiding was intended. [C:\Users\David\PocketSquire-Arena\tests\unit\PocketSquire.Arena.Tests.csproj]
C:\Users\David\PocketSquire-Arena\Assets\_Game\Scripts\Core\PowerUps\LootModifierComponent.cs(25,23): warning CS0108: 'LootModifierComponent.Rarity' hides inherited member 'PowerUpComponent.Rarity'. Use the new keyword if hiding was intended. [C:\Users\David\PocketSquire-Arena\tests\unit\PocketSquire.Arena.Tests.csproj]
C:\Users\David\PocketSquire-Arena\Assets\_Game\Scripts\Core\PowerUps\MonsterDebuffComponent.cs(24,23): warning CS0108: 'MonsterDebuffComponent.Rarity' hides inherited member 'PowerUpComponent.Rarity'. Use the new keyword if hiding was intended. [C:\Users\David\PocketSquire-Arena\tests\unit\PocketSquire.Arena.Tests.csproj]
C:\Users\David\PocketSquire-Arena\tests\unit\ArenaPerkPlayerTests.cs(38,17): error CS0246: The type or namespace name 'ArenaPerk' could not be found (are you missing a using directive or an assembly reference?) [C:\Users\David\PocketSquire-Arena\tests\unit\PocketSquire.Arena.Tests.csproj]
C:\Users\David\PocketSquire-Arena\Assets\_Game\Scripts\Core\GameWorld.cs(19,28): error CS0104: 'Perk' is an ambiguous reference between 'PocketSquire.Arena.Core.LevelUp.Perk' and 'PocketSquire.Arena.Core.Perks.Perk' [C:\Users\David\PocketSquire-Arena\tests\unit\PocketSquire.Arena.Tests.csproj]
C:\Users\David\PocketSquire-Arena\Assets\_Game\Scripts\Core\GameWorld.cs(182,23): error CS0104: 'Perk' is an ambiguous reference between 'PocketSquire.Arena.Core.LevelUp.Perk' and 'PocketSquire.Arena.Core.Perks.Perk' [C:\Users\David\PocketSquire-Arena\tests\unit\PocketSquire.Arena.Tests.csproj]
C:\Users\David\PocketSquire-Arena\Assets\_Game\Scripts\Core\GameWorld.cs(185,28): error CS0104: 'Perk' is an ambiguous reference between 'PocketSquire.Arena.Core.LevelUp.Perk' and 'PocketSquire.Arena.Core.Perks.Perk' [C:\Users\David\PocketSquire-Arena\tests\unit\PocketSquire.Arena.Tests.csproj]
    3 Warning(s)
    4 Error(s)

Time Elapsed 00:00:00.74
