
Build succeeded.
    1 Warning(s)
    0 Error(s)

Time Elapsed 00:00:00.83
