  Determining projects to restore...
  All projects are up-to-date for restore.
  PocketSquire.Arena.Tests -> C:\Users\David\PocketSquire-Arena\tests\unit\bin\Debug\net10.0\PocketSquire.Arena.Tests.dll
Test run for C:\Users\David\PocketSquire-Arena\tests\unit\bin\Debug\net10.0\PocketSquire.Arena.Tests.dll (.NETCoreApp,Version=v10.0)
VSTest version 18.0.1 (x64)

Starting test execution, please wait...
A total of 1 test files matched the specified pattern.
  Failed Load_ShouldLoadMonstersFromFile [13 ms]
  Error Message:
     Monster file not found at expected path: C:\Users\David\PocketSquire-Arena\tests\unit\bin\Debug\net10.0\Assets/_Game/Scripts/Data/monsters.json
Assert.That(File.Exists(path), Is.True)
  Expected: True
  But was:  False

  Stack Trace:
     at PocketSquire.Arena.Tests.GameWorldTests.Load_ShouldLoadMonstersFromFile() in C:\Users\David\PocketSquire-Arena\tests\unit\GameWorldTests.cs:line 16

1)    at PocketSquire.Arena.Tests.GameWorldTests.Load_ShouldLoadMonstersFromFile() in C:\Users\David\PocketSquire-Arena\tests\unit\GameWorldTests.cs:line 16



Failed!  - Failed:     1, Passed:     8, Skipped:     0, Total:     9, Duration: 25 ms - PocketSquire.Arena.Tests.dll (net10.0)
